stm32wbxx_ll_bus.h:540:22:LL_AHB2_GRP1_EnableClock	8	static
stm32wbxx_ll_bus.h:940:22:LL_APB1_GRP1_EnableClock	8	static
stm32wbxx_hal_msp.c:64:6:HAL_MspInit	0	static
stm32wbxx_hal_msp.c:83:6:HAL_I2C_MspInit	32	static
stm32wbxx_hal_msp.c:119:6:HAL_I2C_MspDeInit	8	static
stm32wbxx_hal_msp.c:150:6:HAL_TIM_Base_MspInit	16	static
stm32wbxx_hal_msp.c:186:6:HAL_TIM_Base_MspDeInit	0	static
stm32wbxx_hal_msp.c:222:6:HAL_UART_MspInit	32	static
stm32wbxx_hal_msp.c:258:6:HAL_UART_MspDeInit	0	static
stm32wbxx_hal_msp.c:287:6:HAL_PCD_MspInit	32	static
stm32wbxx_hal_msp.c:323:6:HAL_PCD_MspDeInit	0	static
