stm32wbxx_ll_rcc.h:1667:22:LL_RCC_LSE_SetDriveCapability	16	static
stm32wbxx_ll_bus.h:540:22:LL_AHB2_GRP1_EnableClock	24	static
main.c:75:6:delay_us	16	static
main.c:80:6:HAL_TIM_PeriodElapsedCallback	16	static
main.c:112:5:main	8	static
main.c:162:6:SystemClock_Config	192	static
main.c:245:13:MX_I2C1_Init	8	static
main.c:291:13:MX_TIM1_Init	40	static
main.c:338:13:MX_TIM2_Init	40	static
main.c:383:13:MX_USART1_UART_Init	8	static
main.c:431:13:MX_USB_PCD_Init	8	static
main.c:464:13:MX_GPIO_Init	32	static
main.c:506:6:Error_Handler	4	static,ignoring_inline_asm
